// Jest Snapshot v1, https://jestjs.io/docs/snapshot-testing

exports[`Export formatted references Export references in AMA style: bib1 1`] = `"<ref id=\\"bib1\\"><label>1. </label><mixed-citation publication-type=\\"journal\\"><person-group person-group-type=\\"author\\"><string-name><surname>Doe</surname> <given-names>J</given-names></string-name>, <string-name><surname>Smith</surname> <given-names>J</given-names></string-name></person-group>. <article-title>Advancements in Artificial Intelligence</article-title>. <source><italic>AI Research Journal</italic></source>. <year>2021</year>;<volume>18</volume><issue>(2)</issue>:<fpage>45</fpage><lpage>60</lpage>. doi:<pub-id pub-id-type=\\"doi\\">10.1000/xyz123</pub-id></mixed-citation></ref>"`;

exports[`Export formatted references Export references in AMA style: bib1-citation 1`] = `"<sup>1</sup>"`;

exports[`Export formatted references Export references in AMA style: bib2 1`] = `"<ref id=\\"bib2\\"><label>2. </label><mixed-citation publication-type=\\"book\\"><person-group person-group-type=\\"author\\"><string-name><surname>Brown</surname> <given-names>M</given-names></string-name>, <string-name><surname>Green</surname> <given-names>A</given-names></string-name></person-group>. Vol <volume>1</volume>. <edition>2nd</edition> ed. (<person-group person-group-type=\\"editor\\"><string-name><surname>Williams</surname> <given-names>D</given-names></string-name>, <string-name><surname>Taylor</surname> <given-names>S</given-names></string-name>, eds</person-group>.). <publisher-loc>New York, USA</publisher-loc>: <publisher-name>Springer</publisher-name>; <year>2020</year>. <ext-link ext-link-type=\\"uri\\" xlink:href=\\"https://doi.org/10.1000/xyz123\\">https://doi.org/10.1000/xyz123</ext-link>.</mixed-citation></ref>"`;

exports[`Export formatted references Export references in AMA style: bib2-citation 1`] = `"<sup>2</sup>"`;

exports[`Export formatted references Export references in AMA style: bib3 1`] = `"<ref id=\\"bib3\\"><label>3. </label><mixed-citation publication-type=\\"chapter\\"><person-group person-group-type=\\"author\\"><string-name><surname>Miller</surname> <given-names>S</given-names></string-name></person-group>. <part-title>Machine Learning Applications</part-title>. In: <source><italic>Handbook of AI</italic></source>. <publisher-name>Oxford University Press</publisher-name>; <year>2022</year>:<fpage>105</fpage><lpage>120</lpage>.</mixed-citation></ref>"`;

exports[`Export formatted references Export references in AMA style: bib3-citation 1`] = `"<sup>3</sup>"`;

exports[`Export formatted references Export references in AMA style: bib4 1`] = `"<ref id=\\"bib4\\"><label>4. </label><mixed-citation publication-type=\\"confproc\\"><person-group person-group-type=\\"author\\"><string-name><surname>Johnson</surname> <given-names>E</given-names></string-name></person-group>. <part-title>Deep Learning in Image Processing</part-title>. <source><italic>Proceedings of the International Conference on Machine Learning</italic></source>. <year>2019</year>:<fpage>223</fpage><lpage>230</lpage>. <ext-link ext-link-type=\\"uri\\" xlink:href=\\"https://icml2019.org/papers/223\\">https://icml2019.org/papers/223</ext-link>.</mixed-citation></ref>"`;

exports[`Export formatted references Export references in AMA style: bib4-citation 1`] = `"<sup>4</sup>"`;

exports[`Export formatted references Export references in AMA style: bib5 1`] = `"<ref id=\\"bib5\\"><label>5. </label><mixed-citation publication-type=\\"thesis\\"><person-group person-group-type=\\"author\\"><string-name><surname>Garcia</surname> <given-names>D</given-names></string-name></person-group>. <part-title>Neural Networks for Natural Language Processing</part-title>. <year>2021</year>. doi:<pub-id pub-id-type=\\"doi\\">10.1234/thesis2021</pub-id></mixed-citation></ref>"`;

exports[`Export formatted references Export references in AMA style: bib5-citation 1`] = `"<sup>5</sup>"`;

exports[`Export formatted references Export references in AMA style: bib6 1`] = `"<ref id=\\"bib6\\"><label>6. </label><mixed-citation publication-type=\\"page\\"><person-group person-group-type=\\"author\\"><string-name><surname>Jones</surname> <given-names>S</given-names></string-name></person-group>. <part-title>Big Data Trends in 2023</part-title>. <source>Data Science Blog</source>. <ext-link ext-link-type=\\"uri\\" xlink:href=\\"https://www.datascienceblog.com/big-data-2023\\">https://www.datascienceblog.com/big-data-2023</ext-link>. Published <year>2023</year>. Accessed <date-in-citation content-type=\\"access-date\\" iso-8601-date=\\"2024-02-15\\">February 15, 2024</date-in-citation>.</mixed-citation></ref>"`;

exports[`Export formatted references Export references in AMA style: bib6-citation 1`] = `"<sup>6</sup>"`;

exports[`Export formatted references Export references in AMA style: bib7 1`] = `"<ref id=\\"bib7\\"><label>7. </label><mixed-citation publication-type=\\"other\\"><person-group person-group-type=\\"author\\"><string-name><surname>Adams</surname> <given-names>L</given-names></string-name></person-group>. <part-title>Private Research Report on AI Ethics</part-title>. <source><italic>Internal Research Report</italic></source>. <year>2022</year>.</mixed-citation></ref>"`;

exports[`Export formatted references Export references in AMA style: bib7-citation 1`] = `"<sup>7</sup>"`;

exports[`Export formatted references Export references in Chicago Author Date style: bib1 1`] = `"<ref id=\\"bib1\\"><mixed-citation publication-type=\\"journal\\"><person-group person-group-type=\\"author\\"><string-name><surname>Doe</surname>, <given-names>John</given-names></string-name>, and <string-name><given-names>Jane</given-names> <surname>Smith</surname></string-name></person-group>. <year>2021</year>. <article-title>“Advancements in Artificial Intelligence.”</article-title> <source><italic>AI Research Journal</italic></source> <volume>18</volume> (<issue>2</issue>): <fpage>45</fpage><lpage>60</lpage>. <pub-id pub-id-type=\\"doi\\">https://doi.org/10.1000/xyz123</pub-id>.</mixed-citation></ref>"`;

exports[`Export formatted references Export references in Chicago Author Date style: bib1-citation 1`] = `"(Doe and Smith 2021)"`;

exports[`Export formatted references Export references in Chicago Author Date style: bib2 1`] = `"<ref id=\\"bib2\\"><mixed-citation publication-type=\\"book\\"><person-group person-group-type=\\"author\\"><string-name><surname>Brown</surname>, <given-names>Michael</given-names></string-name>, and <string-name><given-names>Anna</given-names> <surname>Green</surname></string-name></person-group>. <year>2020</year>. <person-group person-group-type=\\"editor\\">Edited by <string-name><given-names>David</given-names> <surname>Williams</surname></string-name> and <string-name><given-names>Sophia</given-names> <surname>Taylor</surname></string-name></person-group>. <source><italic>Introduction to Data Science</italic></source>. <edition>2nd</edition> ed. Vol. <volume>1</volume>. <series>Data Science Series</series>. <publisher-loc>New York, USA</publisher-loc>: <publisher-name>Springer</publisher-name>. <ext-link ext-link-type=\\"uri\\" xlink:href=\\"https://doi.org/10.1000/xyz123\\">https://doi.org/10.1000/xyz123</ext-link>.</mixed-citation></ref>"`;

exports[`Export formatted references Export references in Chicago Author Date style: bib2-citation 1`] = `"(Brown and Green 2020)"`;

exports[`Export formatted references Export references in Chicago Author Date style: bib3 1`] = `"<ref id=\\"bib3\\"><mixed-citation publication-type=\\"chapter\\"><person-group person-group-type=\\"author\\"><string-name><surname>Miller</surname>, <given-names>Susan</given-names></string-name></person-group>. <year>2022</year>. <part-title>“Machine Learning Applications.”</part-title> In <source><italic>Handbook of AI</italic></source>, <fpage>105</fpage><lpage>20</lpage>. <publisher-name>Oxford University Press</publisher-name>.</mixed-citation></ref>"`;

exports[`Export formatted references Export references in Chicago Author Date style: bib3-citation 1`] = `"(Miller 2022)"`;

exports[`Export formatted references Export references in Chicago Author Date style: bib4 1`] = `"<ref id=\\"bib4\\"><mixed-citation publication-type=\\"confproc\\"><person-group person-group-type=\\"author\\"><string-name><surname>Johnson</surname>, <given-names>Emily</given-names></string-name></person-group>. <year>2019</year>. <part-title>“Deep Learning in Image Processing.”</part-title> <source><italic>Proceedings of the International Conference on Machine Learning</italic></source>. <publisher-loc>New York, USA</publisher-loc>: <publisher-name>IEEE</publisher-name>. <ext-link ext-link-type=\\"uri\\" xlink:href=\\"https://icml2019.org/papers/223\\">https://icml2019.org/papers/223</ext-link>.</mixed-citation></ref>"`;

exports[`Export formatted references Export references in Chicago Author Date style: bib4-citation 1`] = `"(Johnson 2019)"`;

exports[`Export formatted references Export references in Chicago Author Date style: bib5 1`] = `"<ref id=\\"bib5\\"><mixed-citation publication-type=\\"thesis\\"><person-group person-group-type=\\"author\\"><string-name><surname>Garcia</surname>, <given-names>Daniel</given-names></string-name></person-group>. <year>2021</year>. <part-title>“Neural Networks for Natural Language Processing.”</part-title> <pub-id pub-id-type=\\"doi\\">https://doi.org/10.1234/thesis2021</pub-id>.</mixed-citation></ref>"`;

exports[`Export formatted references Export references in Chicago Author Date style: bib5-citation 1`] = `"(Garcia 2021)"`;

exports[`Export formatted references Export references in Chicago Author Date style: bib6 1`] = `"<ref id=\\"bib6\\"><mixed-citation publication-type=\\"page\\"><person-group person-group-type=\\"author\\"><string-name><surname>Jones</surname>, <given-names>Sarah</given-names></string-name></person-group>. <year>2023</year>. <part-title>“Big Data Trends in 2023.”</part-title> <source>Data Science Blog</source>. <year>2023</year>. <ext-link ext-link-type=\\"uri\\" xlink:href=\\"https://www.datascienceblog.com/big-data-2023\\">https://www.datascienceblog.com/big-data-2023</ext-link>.</mixed-citation></ref>"`;

exports[`Export formatted references Export references in Chicago Author Date style: bib6-citation 1`] = `"(Jones 2023)"`;

exports[`Export formatted references Export references in Chicago Author Date style: bib7 1`] = `"<ref id=\\"bib7\\"><mixed-citation publication-type=\\"other\\"><person-group person-group-type=\\"author\\"><string-name><surname>Adams</surname>, <given-names>Lisa</given-names></string-name></person-group>. <year>2022</year>. <part-title>“Private Research Report on AI Ethics.”</part-title> <source><italic>Internal Research Report</italic></source>. <publisher-name>AI Ethics Initiative</publisher-name>.</mixed-citation></ref>"`;

exports[`Export formatted references Export references in Chicago Author Date style: bib7-citation 1`] = `"(Adams 2022)"`;
