// Jest Snapshot v1, https://goo.gl/fbAQLP

exports[`JATS exporter add journal ID: jats-export-submitted 1`] = `"<!DOCTYPE article PUBLIC \\"-//NLM//DTD JATS (Z39.96) Journal Archiving and Interchange DTD with OASIS Tables with MathML3 v1.2 20190208//EN\\" \\"http://jats.nlm.nih.gov/archiving/1.2/JATS-archive-oasis-article1-mathml3.dtd\\"><article xmlns:xlink=\\"http://www.w3.org/1999/xlink\\" article-type=\\"research-article\\"><front><journal-meta><journal-id journal-id-type=\\"publisher-id\\">Journal Publisher ID</journal-id><journal-id journal-id-type=\\"nlm-ta\\">Journal NLM ID</journal-id><journal-title-group><journal-title>Journal Title</journal-title><abbrev-journal-title abbrev-type=\\"pubmed\\">PubMed Abbreviated Journal Title</abbrev-journal-title></journal-title-group><issn>1234-5678</issn><publisher><publisher-name>Publisher Name</publisher-name></publisher></journal-meta><article-meta><title-group><article-title>This is the Article Title</article-title></title-group><contrib-group content-type=\\"authors\\"><contrib contrib-type=\\"author\\" id=\\"contrib-1\\" corresp=\\"yes\\"><name><surname>Day</surname><given-names>Nathan</given-names></name><xref ref-type=\\"aff\\" rid=\\"aff-1\\"><sup>1</sup></xref><xref ref-type=\\"fn\\" rid=\\"fn-1\\"><sup>1</sup></xref><xref ref-type=\\"corresp\\" rid=\\"corresp-1\\"><sup>*</sup></xref></contrib><aff id=\\"aff-1\\"><institution>University of Life</institution><addr-line>Houston, TX</addr-line><country>USA</country><label>1</label></aff></contrib-group><author-notes><corresp id=\\"corresp-1\\"><label>*</label>Correspondence: nday@inera.com.</corresp><fn id=\\"fn-1\\"><p>Author_Footnote.</p></fn><fn id=\\"fn-2\\"><p>DisclaimerThis is an unlabelled author footnote with a separate title.</p></fn><fn fn-type=\\"coi-statement\\"><p content-type=\\"fn-title\\">This is information about Competing Interests.</p><label>Competing Interests</label></fn></author-notes><history><date date-type=\\"accepted\\"><day>12</day><month>05</month><year>2009</year></date><date date-type=\\"received\\"><day>01</day><month>04</month><year>2009</year></date><date date-type=\\"rev-recd\\"><day>02</day><month>05</month><year>2009</year></date></history><abstract abstract-type=\\"teaser\\"><p id=\\"p-1\\">The direct interaction of phenobarbital with the epidermal growth factor receptor reveals a new network interface in nuclear receptor signaling.</p></abstract><abstract><sec id=\\"sec-1\\" sec-type=\\"intro\\"><title>Introduction</title><p id=\\"p-2\\">This is a sectionalized abstract.</p></sec><sec id=\\"sec-2\\" sec-type=\\"results\\"><title>Results</title><p id=\\"p-3\\">These are the results of the experiment.</p></sec></abstract><kwd-group kwd-group-type=\\"author\\"><kwd>Paragraphs</kwd><kwd>exporting</kwd><kwd>testing</kwd><kwd>NLM DTD</kwd></kwd-group><counts><fig-count count=\\"1\\"/><ref-count count=\\"1\\"/><word-count count=\\"184\\"/></counts></article-meta></front><body><sec id=\\"sec-3\\" sec-type=\\"intro\\"><title>Introduction</title><sec id=\\"sec-4\\"><title>A level 2 subhead</title><sec id=\\"sec-5\\"><title>A level 3 subhead</title><sec id=\\"sec-6\\"><title>A level 4 subhead</title><sec id=\\"sec-7\\"><title>A level 5 subhead</title></sec></sec></sec></sec></sec><sec id=\\"sec-8\\" sec-type=\\"methods\\"><title>Materials and Methods</title><p id=\\"p-4\\">Some more text</p></sec><sec id=\\"sec-9\\" sec-type=\\"results\\"><title>Results</title><p id=\\"p-5\\">Some text that introduces a poem:</p><p id=\\"p-6\\">Poetry Source: Wikipedia</p><p id=\\"p-7\\">You might1 peruse, e.g., <xref rid=\\"boxed-text-1\\">Box 1</xref>. See also .</p><boxed-text id=\\"boxed-text-1\\"><label>Box 1</label><caption><title>Boxed boxes.</title></caption><sec id=\\"sec-10\\"><title>Box_Head_1</title><sec id=\\"sec-11\\"><title>Box_Head_2</title><p id=\\"p-8\\">Box_Text<xref ref-type=\\"fn\\" rid=\\"fn-5\\">c</xref></p></sec></sec></boxed-text><p id=\\"p-9\\">See also, <xref ref-type=\\"bibr\\" rid=\\"ref-1\\">1</xref> and . This is a table title continued paragraph Table_Head Table_Body* * Table_Footnote Block_Quote Source: Wikipedia Paragraph_Continued with a graphic in the middlewhere the paragraph continues.</p><sec id=\\"sec-12\\"><label>H<sub>1</sub></label><title>This is a hypothesis.</title><list list-type=\\"bullet\\"><list-item><p id=\\"p-10\\">Num_Bul_List_1</p><p id=\\"p-11\\">List_1_Continued</p><list list-type=\\"bullet\\"><list-item><p id=\\"p-12\\">Num_Bul_List_2</p><p id=\\"p-13\\">List_2_Continued</p></list-item></list></list-item><list-item><p id=\\"p-14\\">level 1, bullet 2</p></list-item></list></sec></sec><sec id=\\"sec-13\\" sec-type=\\"discussion\\"><title>Discussion</title><p id=\\"p-15\\">ParagraphUnnumbered_List_1 Another unnumbered itemwith another paragraph that continues after a list.</p></sec><sec id=\\"sec-14\\" sec-type=\\"conclusions\\"><title>Conclusions</title><p id=\\"p-16\\">Paragraph</p></sec><sec id=\\"sec-15\\"><title>Supplementary_Material_Head</title></sec></body><back><app-group><app><sec id=\\"sec-16\\" sec-type=\\"appendices\\"><label>Appendix A</label><title>This is an appendix</title><sec id=\\"sec-17\\"><title>Appendix_Head_1</title><sec id=\\"sec-18\\"><title>Appendix_Head_2</title><p id=\\"p-17\\">Appendix_Text</p></sec></sec></sec></app></app-group><ack><title>Acknowledgements</title><p id=\\"p-18\\">Acknowledgement</p></ack><sec id=\\"sec-19\\" sec-type=\\"availability\\"><title>Data availability</title><p id=\\"p-19\\">This is some information about data availability.</p></sec><fn-group><fn fn-type=\\"ethics-statement\\"><p content-type=\\"fn-title\\">Ethics statement</p><p id=\\"p-20\\">Paragraph, see<xref ref-type=\\"fn\\" rid=\\"fn-4\\">b</xref>  and <xref ref-type=\\"fig\\" rid=\\"fig-1\\">Figure 1</xref>.</p><fig id=\\"fig-1\\" fig-type=\\"half-right\\"><label>Figure 1</label><caption><p>A picture on the kinds of figures.</p><p>The Fig Caption continues.</p></caption><p id=\\"p-21\\">test paragraph</p><graphic xlink:href=\\"123412341234.fig1\\"/><attrib>Source: Wikipedia.</attrib></fig><fig id=\\"fig-2\\"><label>Figure 2</label><caption><p>A missing picture on the kinds of figures.</p><p>The Fig Caption continues.</p></caption><p id=\\"p-22\\">test paragraph</p><graphic specific-use=\\"MISSING\\" xlink:href=\\"\\"/><attrib>Source: Wikipedia.</attrib></fig></fn><fn fn-type=\\"con\\"><p content-type=\\"fn-title\\">Author Contibutions are described here.</p><label>Author Contributions</label></fn><fn fn-type=\\"financial-disclosure\\"><p content-type=\\"fn-title\\">This is a Financial Disclosure.</p><label>Financial Disclosure</label></fn></fn-group><fn-group id=\\"fn-group-1\\"><title>Footnotes</title><fn id=\\"fn-3\\"><p id=\\"p-23\\">Box Note</p></fn><fn id=\\"fn-4\\"><p id=\\"p-24\\">This is a footnote.</p></fn><fn id=\\"fn-5\\"><p id=\\"p-25\\">Footnote called out in a box</p></fn></fn-group><ref-list><ref id=\\"ref-1\\"><element-citation publication-type=\\"journal\\"><person-group person-group-type=\\"author\\"><string-name><surname>Day</surname><given-names>R.N.</given-names></string-name></person-group><year>2008</year><article-title>This is the article title.</article-title><source>EDCC</source><volume>3</volume><issue>2</issue><fpage>123</fpage><lpage>134</lpage></element-citation></ref></ref-list></back></article>"`;

exports[`JATS exporter export latest version: jats-export 1`] = `"<!DOCTYPE article PUBLIC \\"-//NLM//DTD JATS (Z39.96) Journal Archiving and Interchange DTD with OASIS Tables with MathML3 v1.2 20190208//EN\\" \\"http://jats.nlm.nih.gov/archiving/1.2/JATS-archive-oasis-article1-mathml3.dtd\\"><article xmlns:xlink=\\"http://www.w3.org/1999/xlink\\" article-type=\\"research-article\\"><front><journal-meta><journal-id journal-id-type=\\"publisher-id\\">Journal Publisher ID</journal-id><journal-id journal-id-type=\\"nlm-ta\\">Journal NLM ID</journal-id><journal-title-group><journal-title>Journal Title</journal-title><abbrev-journal-title abbrev-type=\\"pubmed\\">PubMed Abbreviated Journal Title</abbrev-journal-title></journal-title-group><issn>1234-5678</issn><publisher><publisher-name>Publisher Name</publisher-name></publisher></journal-meta><article-meta><title-group><article-title>This is the Article Title</article-title></title-group><contrib-group content-type=\\"authors\\"><contrib contrib-type=\\"author\\" id=\\"contrib-1\\" corresp=\\"yes\\"><name><surname>Day</surname><given-names>Nathan</given-names></name><xref ref-type=\\"aff\\" rid=\\"aff-1\\"><sup>1</sup></xref><xref ref-type=\\"fn\\" rid=\\"fn-1\\"><sup>1</sup></xref><xref ref-type=\\"corresp\\" rid=\\"corresp-1\\"><sup>*</sup></xref></contrib><aff id=\\"aff-1\\"><institution>University of Life</institution><addr-line>Houston, TX</addr-line><country>USA</country><label>1</label></aff></contrib-group><author-notes><corresp id=\\"corresp-1\\"><label>*</label>Correspondence: nday@inera.com.</corresp><fn id=\\"fn-1\\"><p>Author_Footnote.</p></fn><fn id=\\"fn-2\\"><p>DisclaimerThis is an unlabelled author footnote with a separate title.</p></fn><fn fn-type=\\"coi-statement\\"><p content-type=\\"fn-title\\">This is information about Competing Interests.</p><label>Competing Interests</label></fn></author-notes><history><date date-type=\\"accepted\\"><day>12</day><month>05</month><year>2009</year></date><date date-type=\\"received\\"><day>01</day><month>04</month><year>2009</year></date><date date-type=\\"rev-recd\\"><day>02</day><month>05</month><year>2009</year></date></history><abstract abstract-type=\\"teaser\\"><p id=\\"p-1\\">The direct interaction of phenobarbital with the epidermal growth factor receptor reveals a new network interface in nuclear receptor signaling.</p></abstract><abstract><sec id=\\"sec-1\\" sec-type=\\"intro\\"><title>Introduction</title><p id=\\"p-2\\">This is a sectionalized abstract.</p></sec><sec id=\\"sec-2\\" sec-type=\\"results\\"><title>Results</title><p id=\\"p-3\\">These are the results of the experiment.</p></sec></abstract><kwd-group kwd-group-type=\\"author\\"><kwd>Paragraphs</kwd><kwd>exporting</kwd><kwd>testing</kwd><kwd>NLM DTD</kwd></kwd-group><counts><fig-count count=\\"1\\"/><ref-count count=\\"1\\"/><word-count count=\\"184\\"/></counts></article-meta></front><body><sec id=\\"sec-3\\" sec-type=\\"intro\\"><title>Introduction</title><sec id=\\"sec-4\\"><title>A level 2 subhead</title><sec id=\\"sec-5\\"><title>A level 3 subhead</title><sec id=\\"sec-6\\"><title>A level 4 subhead</title><sec id=\\"sec-7\\"><title>A level 5 subhead</title></sec></sec></sec></sec></sec><sec id=\\"sec-8\\" sec-type=\\"methods\\"><title>Materials and Methods</title><p id=\\"p-4\\">Some more text</p></sec><sec id=\\"sec-9\\" sec-type=\\"results\\"><title>Results</title><p id=\\"p-5\\">Some text that introduces a poem:</p><p id=\\"p-6\\">Poetry Source: Wikipedia</p><p id=\\"p-7\\">You might1 peruse, e.g., <xref rid=\\"boxed-text-1\\">Box 1</xref>. See also .</p><boxed-text id=\\"boxed-text-1\\"><label>Box 1</label><caption><title>Boxed boxes.</title></caption><sec id=\\"sec-10\\"><title>Box_Head_1</title><sec id=\\"sec-11\\"><title>Box_Head_2</title><p id=\\"p-8\\">Box_Text<xref ref-type=\\"fn\\" rid=\\"fn-5\\">c</xref></p></sec></sec></boxed-text><p id=\\"p-9\\">See also, <xref ref-type=\\"bibr\\" rid=\\"ref-1\\">1</xref> and . This is a table title continued paragraph Table_Head Table_Body* * Table_Footnote Block_Quote Source: Wikipedia Paragraph_Continued with a graphic in the middlewhere the paragraph continues.</p><sec id=\\"sec-12\\"><label>H<sub>1</sub></label><title>This is a hypothesis.</title><list list-type=\\"bullet\\"><list-item><p id=\\"p-10\\">Num_Bul_List_1</p><p id=\\"p-11\\">List_1_Continued</p><list list-type=\\"bullet\\"><list-item><p id=\\"p-12\\">Num_Bul_List_2</p><p id=\\"p-13\\">List_2_Continued</p></list-item></list></list-item><list-item><p id=\\"p-14\\">level 1, bullet 2</p></list-item></list></sec></sec><sec id=\\"sec-13\\" sec-type=\\"discussion\\"><title>Discussion</title><p id=\\"p-15\\">ParagraphUnnumbered_List_1 Another unnumbered itemwith another paragraph that continues after a list.</p></sec><sec id=\\"sec-14\\" sec-type=\\"conclusions\\"><title>Conclusions</title><p id=\\"p-16\\">Paragraph</p></sec><sec id=\\"sec-15\\"><title>Supplementary_Material_Head</title></sec></body><back><app-group><app><sec id=\\"sec-16\\" sec-type=\\"appendices\\"><label>Appendix A</label><title>This is an appendix</title><sec id=\\"sec-17\\"><title>Appendix_Head_1</title><sec id=\\"sec-18\\"><title>Appendix_Head_2</title><p id=\\"p-17\\">Appendix_Text</p></sec></sec></sec></app></app-group><ack><title>Acknowledgements</title><p id=\\"p-18\\">Acknowledgement</p></ack><sec id=\\"sec-19\\" sec-type=\\"availability\\"><title>Data availability</title><p id=\\"p-19\\">This is some information about data availability.</p></sec><fn-group><fn fn-type=\\"ethics-statement\\"><p content-type=\\"fn-title\\">Ethics statement</p><p id=\\"p-20\\">Paragraph, see<xref ref-type=\\"fn\\" rid=\\"fn-4\\">b</xref>  and <xref ref-type=\\"fig\\" rid=\\"fig-1\\">Figure 1</xref>.</p><fig id=\\"fig-1\\" fig-type=\\"half-right\\"><label>Figure 1</label><caption><p>A picture on the kinds of figures.</p><p>The Fig Caption continues.</p></caption><p id=\\"p-21\\">test paragraph</p><graphic xlink:href=\\"123412341234.fig1\\"/><attrib>Source: Wikipedia.</attrib></fig><fig id=\\"fig-2\\"><label>Figure 2</label><caption><p>A missing picture on the kinds of figures.</p><p>The Fig Caption continues.</p></caption><p id=\\"p-22\\">test paragraph</p><graphic specific-use=\\"MISSING\\" xlink:href=\\"\\"/><attrib>Source: Wikipedia.</attrib></fig></fn><fn fn-type=\\"con\\"><p content-type=\\"fn-title\\">Author Contibutions are described here.</p><label>Author Contributions</label></fn><fn fn-type=\\"financial-disclosure\\"><p content-type=\\"fn-title\\">This is a Financial Disclosure.</p><label>Financial Disclosure</label></fn></fn-group><fn-group id=\\"fn-group-1\\"><title>Footnotes</title><fn id=\\"fn-3\\"><p id=\\"p-23\\">Box Note</p></fn><fn id=\\"fn-4\\"><p id=\\"p-24\\">This is a footnote.</p></fn><fn id=\\"fn-5\\"><p id=\\"p-25\\">Footnote called out in a box</p></fn></fn-group><ref-list><ref id=\\"ref-1\\"><element-citation publication-type=\\"journal\\"><person-group person-group-type=\\"author\\"><string-name><surname>Day</surname><given-names>R.N.</given-names></string-name></person-group><year>2008</year><article-title>This is the article title.</article-title><source>EDCC</source><volume>3</volume><issue>2</issue><fpage>123</fpage><lpage>134</lpage></element-citation></ref></ref-list></back></article>"`;

exports[`JATS exporter export v1.1: jats-export-1.1 1`] = `"<!DOCTYPE article PUBLIC \\"-//NLM//DTD JATS (Z39.96) Journal Archiving and Interchange DTD with OASIS Tables with MathML3 v1.1 20151215//EN\\" \\"http://jats.nlm.nih.gov/archiving/1.1/JATS-archive-oasis-article1-mathml3.dtd\\"><article xmlns:xlink=\\"http://www.w3.org/1999/xlink\\" article-type=\\"research-article\\"><front><journal-meta><journal-id journal-id-type=\\"publisher-id\\">Journal Publisher ID</journal-id><journal-id journal-id-type=\\"nlm-ta\\">Journal NLM ID</journal-id><journal-title-group><journal-title>Journal Title</journal-title><abbrev-journal-title abbrev-type=\\"pubmed\\">PubMed Abbreviated Journal Title</abbrev-journal-title></journal-title-group><issn>1234-5678</issn><publisher><publisher-name>Publisher Name</publisher-name></publisher></journal-meta><article-meta><title-group><article-title>This is the Article Title</article-title></title-group><contrib-group content-type=\\"authors\\"><contrib contrib-type=\\"author\\" id=\\"contrib-1\\" corresp=\\"yes\\"><name><surname>Day</surname><given-names>Nathan</given-names></name><xref ref-type=\\"aff\\" rid=\\"aff-1\\"><sup>1</sup></xref><xref ref-type=\\"fn\\" rid=\\"fn-1\\"><sup>1</sup></xref><xref ref-type=\\"corresp\\" rid=\\"corresp-1\\"><sup>*</sup></xref></contrib><aff id=\\"aff-1\\"><institution>University of Life</institution><addr-line>Houston, TX</addr-line><country>USA</country><label>1</label></aff></contrib-group><author-notes><corresp id=\\"corresp-1\\"><label>*</label>Correspondence: nday@inera.com.</corresp><fn id=\\"fn-1\\"><p>Author_Footnote.</p></fn><fn id=\\"fn-2\\"><p>DisclaimerThis is an unlabelled author footnote with a separate title.</p></fn><fn fn-type=\\"coi-statement\\"><p content-type=\\"fn-title\\">This is information about Competing Interests.</p><label>Competing Interests</label></fn></author-notes><history><date date-type=\\"accepted\\"><day>12</day><month>05</month><year>2009</year></date><date date-type=\\"received\\"><day>01</day><month>04</month><year>2009</year></date><date date-type=\\"rev-recd\\"><day>02</day><month>05</month><year>2009</year></date></history><abstract abstract-type=\\"teaser\\"><p id=\\"p-1\\">The direct interaction of phenobarbital with the epidermal growth factor receptor reveals a new network interface in nuclear receptor signaling.</p></abstract><abstract><sec id=\\"sec-1\\" sec-type=\\"intro\\"><title>Introduction</title><p id=\\"p-2\\">This is a sectionalized abstract.</p></sec><sec id=\\"sec-2\\" sec-type=\\"results\\"><title>Results</title><p id=\\"p-3\\">These are the results of the experiment.</p></sec></abstract><kwd-group kwd-group-type=\\"author\\"><kwd>Paragraphs</kwd><kwd>exporting</kwd><kwd>testing</kwd><kwd>NLM DTD</kwd></kwd-group><counts><fig-count count=\\"1\\"/><ref-count count=\\"1\\"/><word-count count=\\"184\\"/></counts></article-meta></front><body><sec id=\\"sec-3\\" sec-type=\\"intro\\"><title>Introduction</title><sec id=\\"sec-4\\"><title>A level 2 subhead</title><sec id=\\"sec-5\\"><title>A level 3 subhead</title><sec id=\\"sec-6\\"><title>A level 4 subhead</title><sec id=\\"sec-7\\"><title>A level 5 subhead</title></sec></sec></sec></sec></sec><sec id=\\"sec-8\\" sec-type=\\"methods\\"><title>Materials and Methods</title><p id=\\"p-4\\">Some more text</p></sec><sec id=\\"sec-9\\" sec-type=\\"results\\"><title>Results</title><p id=\\"p-5\\">Some text that introduces a poem:</p><p id=\\"p-6\\">Poetry Source: Wikipedia</p><p id=\\"p-7\\">You might1 peruse, e.g., <xref rid=\\"boxed-text-1\\">Box 1</xref>. See also .</p><boxed-text id=\\"boxed-text-1\\"><label>Box 1</label><caption><title>Boxed boxes.</title></caption><sec id=\\"sec-10\\"><title>Box_Head_1</title><sec id=\\"sec-11\\"><title>Box_Head_2</title><p id=\\"p-8\\">Box_Text<xref ref-type=\\"fn\\" rid=\\"fn-5\\">c</xref></p></sec></sec></boxed-text><p id=\\"p-9\\">See also, <xref ref-type=\\"bibr\\" rid=\\"ref-1\\">1</xref> and . This is a table title continued paragraph Table_Head Table_Body* * Table_Footnote Block_Quote Source: Wikipedia Paragraph_Continued with a graphic in the middlewhere the paragraph continues.</p><sec id=\\"sec-12\\"><label>H<sub>1</sub></label><title>This is a hypothesis.</title><list list-type=\\"bullet\\"><list-item><p id=\\"p-10\\">Num_Bul_List_1</p><p id=\\"p-11\\">List_1_Continued</p><list list-type=\\"bullet\\"><list-item><p id=\\"p-12\\">Num_Bul_List_2</p><p id=\\"p-13\\">List_2_Continued</p></list-item></list></list-item><list-item><p id=\\"p-14\\">level 1, bullet 2</p></list-item></list></sec></sec><sec id=\\"sec-13\\" sec-type=\\"discussion\\"><title>Discussion</title><p id=\\"p-15\\">ParagraphUnnumbered_List_1 Another unnumbered itemwith another paragraph that continues after a list.</p></sec><sec id=\\"sec-14\\" sec-type=\\"conclusions\\"><title>Conclusions</title><p id=\\"p-16\\">Paragraph</p></sec><sec id=\\"sec-15\\"><title>Supplementary_Material_Head</title></sec></body><back><app-group><app><sec id=\\"sec-16\\" sec-type=\\"appendices\\"><label>Appendix A</label><title>This is an appendix</title><sec id=\\"sec-17\\"><title>Appendix_Head_1</title><sec id=\\"sec-18\\"><title>Appendix_Head_2</title><p id=\\"p-17\\">Appendix_Text</p></sec></sec></sec></app></app-group><ack><title>Acknowledgements</title><p id=\\"p-18\\">Acknowledgement</p></ack><sec id=\\"sec-19\\" sec-type=\\"availability\\"><title>Data availability</title><p id=\\"p-19\\">This is some information about data availability.</p></sec><fn-group><fn fn-type=\\"ethics-statement\\"><p content-type=\\"fn-title\\">Ethics statement</p><p id=\\"p-20\\">Paragraph, see<xref ref-type=\\"fn\\" rid=\\"fn-4\\">b</xref>  and <xref ref-type=\\"fig\\" rid=\\"fig-1\\">Figure 1</xref>.</p><fig id=\\"fig-1\\" fig-type=\\"half-right\\"><label>Figure 1</label><caption><p>A picture on the kinds of figures.</p><p>The Fig Caption continues.</p></caption><p id=\\"p-21\\">test paragraph</p><graphic xlink:href=\\"123412341234.fig1\\"/><attrib>Source: Wikipedia.</attrib></fig><fig id=\\"fig-2\\"><label>Figure 2</label><caption><p>A missing picture on the kinds of figures.</p><p>The Fig Caption continues.</p></caption><p id=\\"p-22\\">test paragraph</p><graphic specific-use=\\"MISSING\\" xlink:href=\\"\\"/><attrib>Source: Wikipedia.</attrib></fig></fn><fn fn-type=\\"con\\"><p content-type=\\"fn-title\\">Author Contibutions are described here.</p><label>Author Contributions</label></fn><fn fn-type=\\"financial-disclosure\\"><p content-type=\\"fn-title\\">This is a Financial Disclosure.</p><label>Financial Disclosure</label></fn></fn-group><fn-group id=\\"fn-group-1\\"><title>Footnotes</title><fn id=\\"fn-3\\"><p id=\\"p-23\\">Box Note</p></fn><fn id=\\"fn-4\\"><p id=\\"p-24\\">This is a footnote.</p></fn><fn id=\\"fn-5\\"><p id=\\"p-25\\">Footnote called out in a box</p></fn></fn-group><ref-list><ref id=\\"ref-1\\"><element-citation publication-type=\\"journal\\"><person-group person-group-type=\\"author\\"><string-name><surname>Day</surname><given-names>R.N.</given-names></string-name></person-group><year>2008</year><article-title>This is the article title.</article-title><source>EDCC</source><volume>3</volume><issue>2</issue><fpage>123</fpage><lpage>134</lpage></element-citation></ref></ref-list></back></article>"`;
